// Jest Snapshot v1, https://goo.gl/fbAQLP

exports[`NewsArticle should match the snapshot with all data passed in correctly 1`] = `
<div
  className="newsArticle"
>
  <img
    alt="stock"
    src="https://theknow.denverpost.com/wp-content/uploads/2016/03/CDXXTHEWHODSC_4082x.jpg"
  />
  <h3>
    The Who postpones Denver Concert at the Pepsi Center
  </h3>
  <p>
    Classic-rock band The Who has postponed
  </p>
  <a
    className="linkBox"
    href="https://theknow.denverpost.com/2019/09/27/the-who-postpones-denver-concert/225182/"
  >
     Link To article
  </a>
</div>
`;
