// Jest Snapshot v1, https://goo.gl/fbAQLP

exports[`SearchForm should match the snapshot with all data passed in correctly 1`] = `
<header>
  <h1>
    What's new?
  </h1>
  <form>
    <label
      className="inputLabel"
    >
      Search for news articles here
      <input
        className="formInput"
        onChange={[Function]}
        placeholder=" "
        type="text"
        value=""
      />
    </label>
    <button
      className="formButton"
      onClick={[Function]}
    >
      Search Now
    </button>
  </form>
</header>
`;
