// Jest Snapshot v1, https://goo.gl/fbAQLP

exports[`SearchForm should match the snapshot with all data passed in correctly 1`] = `
<header>
  <h1>
    What's new
  </h1>
  <form>
    <input
      className="formInput"
      onChange={[Function]}
      placeholder="Search for news articles here"
      type="text"
      value=""
    />
    <button
      className="formButton"
      onClick={[Function]}
    >
      Search Now
    </button>
  </form>
</header>
`;
